reset
#{ a = 0.12 }
#{ b = 0.2 }
#{ c = 0.1 }
#{ d = (2/3)*b}
#{ e = 0.375 }
#{ r = 1.0 }

#{ f = 3 }


# create overall domain##############################
Create Vertex {-f/2} 0 0
Create Vertex {-e/2} 0 0
Create Vertex {e/2} 0 0
Create Vertex {f/2} 0 0

create curve vertex 1 2  
create curve vertex 2 3
create curve vertex 3 4
create curve arc radius {f/2} center location 0 0 0 normal 0 0 1 start angle 0 stop angle 180
create surface curve 1 2 3 4


#scatterer###############################
Create Vertex {-b/2} {f/4 + a/2} 0
Create Vertex {b/2} {f/4 + a/2} 0
create curve vertex 9 10

Create Vertex {-b/2} {f/4 - a/2} 0
Create Vertex {b/2} {f/4 - a/2} 0
create curve vertex 9 11
create curve vertex 10 12

Create Vertex 0 {f/4 - a/2} 0 #midpoint of arc, ID 15
create curve arc center vertex 15 12 11 radius 0.1 normal 0 0 -1

create surface curve 5 6 7 8 #on surface 1 #make surface of scatterer
delete vertex 15

#BCs, excitattion##################################
nodeset 1 add curve 1 3  
nodeset 1 name "Gamma_ABC" #absorbing boundary
nodeset 2 add curve 4 
nodeset 2 name "Gamma_wall" #wall boundary
nodeset 3 add curve 2  
nodeset 3 name "Gamma_exc" #excitation center

### Merge volumes and do meshing ############################
imprint surface 1 2  with curve 5 6 7 8  keep
merge tolerance {1e-6}
merge surface 1 2

imprint curve 1 2 3
merge tolerance {1e-6}
merge curve 1 2 3

# regions
block 1 add surface 1
block 1 name "S_domain"

#block 2 add surface 2
block 2 name "S_scatterer"

#mesh
block 1 element type quad8
block 2 element type quad8

surface 1 2 size 0.003
mesh surface 1 2

surface 1 2 smooth scheme laplacian
smooth surface 1 2

#export ansys cdb "homework3.cdb"  overwrite 
export ansys cdb "/home/reiszp/CSE_Sem3/FEM-Multiphys/Aucoustic/homework3.cdb" overwrite

